Loaded processed data -> train: (70066, 174), val: (15051, 174), test: (14997, 174)
Train class balance (pre-SMOTE, real distribution): {0: 62109, 1: 7957}
Val class balance (untouched): {0: 13335, 1: 1716}
Test class balance (untouched): {0: 13313, 1: 1684}

=== logistic_regression ===
Tuning logistic_regression with GridSearchCV (SMOTE refit inside each inner fold)...
  Best params for logistic_regression: {'model__C': 0.01, 'model__penalty': 'l2'}
  CV results for logistic_regression: {'cv_accuracy_mean': 0.6405, 'cv_precision_mean': 0.1698, 'cv_recall_mean': 0.5567, 'cv_f1_mean': 0.2602, 'cv_roc_auc_mean': 0.6465, 'cv_accuracy_std': 0.0046, 'cv_precision_std': 0.0044, 'cv_recall_std': 0.0157, 'cv_f1_std': 0.0068, 'cv_roc_auc_std': 0.0065}

=== random_forest ===
Tuning random_forest with GridSearchCV (SMOTE refit inside each inner fold)...
  Best params for random_forest: {'model__max_depth': 10, 'model__min_samples_leaf': 10, 'model__n_estimators': 200}
  CV results for random_forest: {'cv_accuracy_mean': 0.8316, 'cv_precision_mean': 0.2203, 'cv_recall_mean': 0.1901, 'cv_f1_mean': 0.2039, 'cv_roc_auc_mean': 0.6447, 'cv_accuracy_std': 0.0036, 'cv_precision_std': 0.0053, 'cv_recall_std': 0.0116, 'cv_f1_std': 0.0074, 'cv_roc_auc_std': 0.0056}
  Top features saved for random_forest

=== decision_tree ===
  CV results for decision_tree: {'cv_accuracy_mean': 0.8489, 'cv_precision_mean': 0.256, 'cv_recall_mean': 0.1738, 'cv_f1_mean': 0.207, 'cv_roc_auc_mean': 0.6253, 'cv_accuracy_std': 0.0004, 'cv_precision_std': 0.0064, 'cv_recall_std': 0.0101, 'cv_f1_std': 0.0092, 'cv_roc_auc_std': 0.0064}

=== xgboost ===
Tuning xgboost with GridSearchCV (SMOTE refit inside each inner fold)...
  Best params for xgboost: {'model__learning_rate': 0.05, 'model__max_depth': 6, 'model__n_estimators': 300}
  CV results for xgboost: {'cv_accuracy_mean': 0.8866, 'cv_precision_mean': 0.5247, 'cv_recall_mean': 0.0142, 'cv_f1_mean': 0.0276, 'cv_roc_auc_mean': 0.655, 'cv_accuracy_std': 0.0001, 'cv_precision_std': 0.0235, 'cv_recall_std': 0.003, 'cv_f1_std': 0.0056, 'cv_roc_auc_std': 0.0082}
  Top features saved for xgboost

Best model on validation ROC-AUC: xgboost

Validation metrics (all models):
              model split  accuracy  precision  recall     f1  roc_auc  pr_auc
logistic_regression   val    0.6559     0.1817  0.5758 0.2762   0.6689  0.2260
      random_forest   val    0.8286     0.2331  0.2197 0.2262   0.6596  0.1968
      decision_tree   val    0.8564     0.3008  0.1958 0.2372   0.6488  0.1945
            xgboost   val    0.8867     0.5625  0.0262 0.0501   0.6840  0.2481

Cross-validation metrics (all models, SMOTE refit per fold):
 cv_accuracy_mean  cv_precision_mean  cv_recall_mean  cv_f1_mean  cv_roc_auc_mean  cv_accuracy_std  cv_precision_std  cv_recall_std  cv_f1_std  cv_roc_auc_std               model
           0.6405             0.1698          0.5567      0.2602           0.6465           0.0046            0.0044         0.0157     0.0068          0.0065 logistic_regression
           0.8316             0.2203          0.1901      0.2039           0.6447           0.0036            0.0053         0.0116     0.0074          0.0056       random_forest
           0.8489             0.2560          0.1738      0.2070           0.6253           0.0004            0.0064         0.0101     0.0092          0.0064       decision_tree
           0.8866             0.5247          0.0142      0.0276           0.6550           0.0001            0.0235         0.0030     0.0056          0.0082             xgboost

Final held-out test metrics (best model only):
{
  "model": "xgboost",
  "split": "test",
  "accuracy": 0.8877,
  "precision": 0.5,
  "recall": 0.0089,
  "f1": 0.0175,
  "roc_auc": 0.6764,
  "pr_auc": 0.2258
}

Results saved to: C:\Users\sagir\OneDrive\Desktop\capstone\results
